
=== phase 0 (clipped_A_targets): 10 to run, 0 already complete ===
  [gpu 0] experiments/permuted_mnist/isotropic_control/clipped/arm_baseline/seed_1
  [gpu 0] experiments/permuted_mnist/isotropic_control/clipped/arm_baseline/seed_2
  [gpu 0] experiments/permuted_mnist/isotropic_control/clipped/arm_baseline/seed_3
  [gpu 0] experiments/permuted_mnist/isotropic_control/clipped/arm_baseline/seed_4
  [gpu 1] experiments/permuted_mnist/isotropic_control/clipped/arm_baseline/seed_5
  [gpu 1] experiments/permuted_mnist/isotropic_control/clipped/arm_penalty_lam0.003/seed_1
  [gpu 1] experiments/permuted_mnist/isotropic_control/clipped/arm_penalty_lam0.003/seed_2
  [gpu 0] experiments/permuted_mnist/isotropic_control/clipped/arm_penalty_lam0.003/seed_3
  [gpu 1] experiments/permuted_mnist/isotropic_control/clipped/arm_penalty_lam0.003/seed_4
  [gpu 1] experiments/permuted_mnist/isotropic_control/clipped/arm_penalty_lam0.003/seed_5

=== phase 1 (clipped_B_control): 10 to run, 0 already complete ===
  [gpu 0] experiments/permuted_mnist/isotropic_control/clipped/arm_isotropic_per_layer/seed_1
  [gpu 0] experiments/permuted_mnist/isotropic_control/clipped/arm_isotropic_per_layer/seed_2
  [gpu 0] experiments/permuted_mnist/isotropic_control/clipped/arm_isotropic_per_layer/seed_3
  [gpu 0] experiments/permuted_mnist/isotropic_control/clipped/arm_isotropic_per_layer/seed_4
  [gpu 1] experiments/permuted_mnist/isotropic_control/clipped/arm_isotropic_per_layer/seed_5
  [gpu 1] experiments/permuted_mnist/isotropic_control/clipped/arm_isotropic_global/seed_1
  [gpu 1] experiments/permuted_mnist/isotropic_control/clipped/arm_isotropic_global/seed_2
  [gpu 0] experiments/permuted_mnist/isotropic_control/clipped/arm_isotropic_global/seed_3
  [gpu 1] experiments/permuted_mnist/isotropic_control/clipped/arm_isotropic_global/seed_4
  [gpu 1] experiments/permuted_mnist/isotropic_control/clipped/arm_isotropic_global/seed_5

=== phase 2 (unclipped_A_targets): 10 to run, 0 already complete ===
  [gpu 0] experiments/permuted_mnist/isotropic_control/unclipped/arm_baseline/seed_1
  [gpu 0] experiments/permuted_mnist/isotropic_control/unclipped/arm_baseline/seed_2
  [gpu 0] experiments/permuted_mnist/isotropic_control/unclipped/arm_baseline/seed_3
  [gpu 0] experiments/permuted_mnist/isotropic_control/unclipped/arm_baseline/seed_4
  [gpu 1] experiments/permuted_mnist/isotropic_control/unclipped/arm_baseline/seed_5
  [gpu 1] experiments/permuted_mnist/isotropic_control/unclipped/arm_penalty_lam0.003/seed_1
  [gpu 1] experiments/permuted_mnist/isotropic_control/unclipped/arm_penalty_lam0.003/seed_2
  [gpu 0] experiments/permuted_mnist/isotropic_control/unclipped/arm_penalty_lam0.003/seed_3
  [gpu 1] experiments/permuted_mnist/isotropic_control/unclipped/arm_penalty_lam0.003/seed_4
  [gpu 1] experiments/permuted_mnist/isotropic_control/unclipped/arm_penalty_lam0.003/seed_5

=== phase 3 (unclipped_B_control): 10 to run, 0 already complete ===
  [gpu 0] experiments/permuted_mnist/isotropic_control/unclipped/arm_isotropic_per_layer/seed_1
  [gpu 0] experiments/permuted_mnist/isotropic_control/unclipped/arm_isotropic_per_layer/seed_2
  [gpu 0] experiments/permuted_mnist/isotropic_control/unclipped/arm_isotropic_per_layer/seed_3
  [gpu 0] experiments/permuted_mnist/isotropic_control/unclipped/arm_isotropic_per_layer/seed_4
  [gpu 1] experiments/permuted_mnist/isotropic_control/unclipped/arm_isotropic_per_layer/seed_5
  [gpu 1] experiments/permuted_mnist/isotropic_control/unclipped/arm_isotropic_global/seed_1
  [gpu 1] experiments/permuted_mnist/isotropic_control/unclipped/arm_isotropic_global/seed_2
  [gpu 0] experiments/permuted_mnist/isotropic_control/unclipped/arm_isotropic_global/seed_3
  [gpu 1] experiments/permuted_mnist/isotropic_control/unclipped/arm_isotropic_global/seed_4
  [gpu 1] experiments/permuted_mnist/isotropic_control/unclipped/arm_isotropic_global/seed_5

=== S1_isotropic_control: 40 complete, 0 skipped, 0 FAILED ===
report: /home/psquare_a6000/Desktop/grokking_mech_interp/non_algo/experiments/permuted_mnist/isotropic_control/_launch_report.json
